<h1>Default test</h1>

<p>This is an example:</p>

This file contains no vextab block.
